
🏔️ SummitPixels Test Results
==========================

📊 Summary:
   Total Tests: 0
   ✅ Passed: 0
   ❌ Failed: 0
   📈 Success Rate: 0%

🧪 Detailed Results:
   Unit Tests: 0/0 passed
   Integration Tests: 0/0 passed
   E2E Tests: 0/0 passed
   Accessibility Tests: 0/0 passed
   Performance Tests: 0/0 passed

🎯 Status: ✅ ALL TESTS PASSING

Generated: 2025-11-10T22:58:10.686Z
